01-28 14:52:53 com_github_MitjaNemec_PlaceFootprints.action_place_footprints 674:Plugin executed on: 'win32'
01-28 14:52:53 com_github_MitjaNemec_PlaceFootprints.action_place_footprints 675:Plugin executed with python version: '3.11.5 (main, Nov  6 2025, 07:48:09) [MSC v.1944 64 bit (AMD64)]'
01-28 14:52:53 com_github_MitjaNemec_PlaceFootprints.action_place_footprints 676:KiCad build version: 9.0.7
01-28 14:52:53 com_github_MitjaNemec_PlaceFootprints.action_place_footprints 677:Plugin version: 4.0.1
01-28 14:52:53 com_github_MitjaNemec_PlaceFootprints.action_place_footprints 678:Frame repr: <wx._core.Frame object at 0x000001CDC53C44C0>
01-28 14:52:53 com_github_MitjaNemec_PlaceFootprints.place_footprints 121:getting a list of all footprints on board
01-28 14:52:53 com_github_MitjaNemec_PlaceFootprints.place_footprints 156:Footprint J11 on root level
01-28 14:52:53 com_github_MitjaNemec_PlaceFootprints.place_footprints 156:Footprint J10 on root level
01-28 14:52:53 com_github_MitjaNemec_PlaceFootprints.place_footprints 156:Footprint J12 on root level
01-28 14:52:53 com_github_MitjaNemec_PlaceFootprints.place_footprints 156:Footprint J13 on root level
01-28 14:52:53 com_github_MitjaNemec_PlaceFootprints.place_footprints 156:Footprint J15 on root level
01-28 14:52:53 com_github_MitjaNemec_PlaceFootprints.place_footprints 156:Footprint J16 on root level
01-28 14:52:53 com_github_MitjaNemec_PlaceFootprints.place_footprints 156:Footprint J18 on root level
01-28 14:52:53 com_github_MitjaNemec_PlaceFootprints.place_footprints 156:Footprint J17 on root level
01-28 14:52:53 com_github_MitjaNemec_PlaceFootprints.place_footprints 156:Footprint J14 on root level
01-28 14:52:53 com_github_MitjaNemec_PlaceFootprints.place_footprints 156:Footprint J9 on root level
01-28 14:52:53 com_github_MitjaNemec_PlaceFootprints.place_footprints 156:Footprint J2 on root level
01-28 14:52:53 com_github_MitjaNemec_PlaceFootprints.place_footprints 156:Footprint R3 on root level
01-28 14:52:53 com_github_MitjaNemec_PlaceFootprints.place_footprints 156:Footprint U1 on root level
01-28 14:52:53 com_github_MitjaNemec_PlaceFootprints.place_footprints 156:Footprint R20 on root level
01-28 14:52:53 com_github_MitjaNemec_PlaceFootprints.place_footprints 156:Footprint C12 on root level
01-28 14:52:53 com_github_MitjaNemec_PlaceFootprints.place_footprints 156:Footprint C11 on root level
01-28 14:52:53 com_github_MitjaNemec_PlaceFootprints.place_footprints 156:Footprint R6 on root level
01-28 14:52:53 com_github_MitjaNemec_PlaceFootprints.place_footprints 156:Footprint U7 on root level
01-28 14:52:53 com_github_MitjaNemec_PlaceFootprints.place_footprints 156:Footprint U6 on root level
01-28 14:52:53 com_github_MitjaNemec_PlaceFootprints.place_footprints 156:Footprint U5 on root level
01-28 14:52:53 com_github_MitjaNemec_PlaceFootprints.place_footprints 156:Footprint U4 on root level
01-28 14:52:53 com_github_MitjaNemec_PlaceFootprints.place_footprints 156:Footprint U3 on root level
01-28 14:52:53 com_github_MitjaNemec_PlaceFootprints.place_footprints 156:Footprint U2 on root level
01-28 14:52:53 com_github_MitjaNemec_PlaceFootprints.place_footprints 156:Footprint R19 on root level
01-28 14:52:53 com_github_MitjaNemec_PlaceFootprints.place_footprints 156:Footprint R18 on root level
01-28 14:52:53 com_github_MitjaNemec_PlaceFootprints.place_footprints 156:Footprint R17 on root level
01-28 14:52:53 com_github_MitjaNemec_PlaceFootprints.place_footprints 156:Footprint R16 on root level
01-28 14:52:53 com_github_MitjaNemec_PlaceFootprints.place_footprints 156:Footprint R15 on root level
01-28 14:52:53 com_github_MitjaNemec_PlaceFootprints.place_footprints 156:Footprint R14 on root level
01-28 14:52:53 com_github_MitjaNemec_PlaceFootprints.place_footprints 156:Footprint R13 on root level
01-28 14:52:53 com_github_MitjaNemec_PlaceFootprints.place_footprints 156:Footprint R12 on root level
01-28 14:52:53 com_github_MitjaNemec_PlaceFootprints.place_footprints 156:Footprint R11 on root level
01-28 14:52:53 com_github_MitjaNemec_PlaceFootprints.place_footprints 156:Footprint R10 on root level
01-28 14:52:53 com_github_MitjaNemec_PlaceFootprints.place_footprints 156:Footprint R9 on root level
01-28 14:52:53 com_github_MitjaNemec_PlaceFootprints.place_footprints 156:Footprint R8 on root level
01-28 14:52:53 com_github_MitjaNemec_PlaceFootprints.place_footprints 156:Footprint R7 on root level
01-28 14:52:53 com_github_MitjaNemec_PlaceFootprints.place_footprints 156:Footprint R5 on root level
01-28 14:52:53 com_github_MitjaNemec_PlaceFootprints.place_footprints 156:Footprint R4 on root level
01-28 14:52:53 com_github_MitjaNemec_PlaceFootprints.place_footprints 156:Footprint R2 on root level
01-28 14:52:53 com_github_MitjaNemec_PlaceFootprints.place_footprints 156:Footprint R1 on root level
01-28 14:52:53 com_github_MitjaNemec_PlaceFootprints.place_footprints 156:Footprint J8 on root level
01-28 14:52:53 com_github_MitjaNemec_PlaceFootprints.place_footprints 156:Footprint J7 on root level
01-28 14:52:53 com_github_MitjaNemec_PlaceFootprints.place_footprints 156:Footprint J6 on root level
01-28 14:52:53 com_github_MitjaNemec_PlaceFootprints.place_footprints 156:Footprint J5 on root level
01-28 14:52:53 com_github_MitjaNemec_PlaceFootprints.place_footprints 156:Footprint J4 on root level
01-28 14:52:53 com_github_MitjaNemec_PlaceFootprints.place_footprints 156:Footprint J3 on root level
01-28 14:52:53 com_github_MitjaNemec_PlaceFootprints.place_footprints 156:Footprint J1 on root level
01-28 14:52:53 com_github_MitjaNemec_PlaceFootprints.place_footprints 156:Footprint EN1 on root level
01-28 14:52:53 com_github_MitjaNemec_PlaceFootprints.place_footprints 156:Footprint D1 on root level
01-28 14:52:53 com_github_MitjaNemec_PlaceFootprints.place_footprints 156:Footprint C16 on root level
01-28 14:52:53 com_github_MitjaNemec_PlaceFootprints.place_footprints 156:Footprint C15 on root level
01-28 14:52:53 com_github_MitjaNemec_PlaceFootprints.place_footprints 156:Footprint C14 on root level
01-28 14:52:53 com_github_MitjaNemec_PlaceFootprints.place_footprints 156:Footprint C13 on root level
01-28 14:52:53 com_github_MitjaNemec_PlaceFootprints.place_footprints 156:Footprint C10 on root level
01-28 14:52:53 com_github_MitjaNemec_PlaceFootprints.place_footprints 156:Footprint C9 on root level
01-28 14:52:53 com_github_MitjaNemec_PlaceFootprints.place_footprints 156:Footprint C8 on root level
01-28 14:52:53 com_github_MitjaNemec_PlaceFootprints.place_footprints 156:Footprint C7 on root level
01-28 14:52:53 com_github_MitjaNemec_PlaceFootprints.place_footprints 156:Footprint C6 on root level
01-28 14:52:53 com_github_MitjaNemec_PlaceFootprints.place_footprints 156:Footprint C5 on root level
01-28 14:52:53 com_github_MitjaNemec_PlaceFootprints.place_footprints 156:Footprint C4 on root level
01-28 14:52:53 com_github_MitjaNemec_PlaceFootprints.place_footprints 156:Footprint C3 on root level
01-28 14:52:53 com_github_MitjaNemec_PlaceFootprints.place_footprints 156:Footprint C2 on root level
01-28 14:52:53 com_github_MitjaNemec_PlaceFootprints.place_footprints 156:Footprint C1 on root level
01-28 14:52:53 com_github_MitjaNemec_PlaceFootprints.place_footprints 156:Footprint BOOT1 on root level
01-28 14:52:53 com_github_MitjaNemec_PlaceFootprints.action_place_footprints 717:Reference footprint='J9'
01-28 14:52:54 com_github_MitjaNemec_PlaceFootprints.action_place_footprints 858:Reference designator is: J
01-28 14:52:54 com_github_MitjaNemec_PlaceFootprints.action_place_footprints 859:Reference number is: 9
01-28 14:52:54 com_github_MitjaNemec_PlaceFootprints.action_place_footprints 891:Sorted and filtered list:
['J1', 'J2', 'J3', 'J4', 'J5', 'J6', 'J7', 'J8', 'J9', 'J10', 'J11', 'J12', 'J13', 'J14', 'J15', 'J16', 'J17', 'J18']
01-28 14:52:54 com_github_MitjaNemec_PlaceFootprints.action_place_footprints 376:wx.Colour(240, 240, 240, 255)
01-28 14:53:43 com_github_MitjaNemec_PlaceFootprints.action_place_footprints 507:'8.670'
01-28 14:53:43 com_github_MitjaNemec_PlaceFootprints.action_place_footprints 566:Preparing config for reference matrix
01-28 14:53:43 com_github_MitjaNemec_PlaceFootprints.action_place_footprints 573:Saving config file
01-28 14:53:43 com_github_MitjaNemec_PlaceFootprints.action_place_footprints 575:Saved the config file
01-28 14:53:43 com_github_MitjaNemec_PlaceFootprints.action_place_footprints 929:Footprints to place:
['J9', 'J10', 'J11', 'J12', 'J13', 'J14', 'J15', 'J16', 'J17', 'J18']
01-28 14:53:43 com_github_MitjaNemec_PlaceFootprints.place_footprints 427:Starting placing with matrix layout
01-28 14:53:43 com_github_MitjaNemec_PlaceFootprints.action_place_footprints 999:Placing complete
